[preview.hasthemes.com/panshi/onepage-index.html]
[backblue.gif]
[fade.gif]
[index.html]
[preview.hasthemes.com/panshi/img/favicon.ico]
[preview.hasthemes.com/panshi/css/bootstrap.min.css]
[preview.hasthemes.com/panshi/css/font-awesome.min.css]
[preview.hasthemes.com/panshi/css/shortcode/shortcodes.css]
[preview.hasthemes.com/panshi/style.css]
[preview.hasthemes.com/panshi/css/responsive.css]
[preview.hasthemes.com/panshi/js/vendor/modernizr-2.8.3.min.js]
[preview.hasthemes.com/panshi/img/logo/logo.png]
[preview.hasthemes.com/panshi/img/slider/slider1.jpg]
[preview.hasthemes.com/panshi/img/event/event1.jpg]
[preview.hasthemes.com/panshi/img/event/event2.jpg]
[preview.hasthemes.com/panshi/img/event/event3.jpg]
[preview.hasthemes.com/panshi/img/about/bg.jpg]
[preview.hasthemes.com/panshi/img/testimonia/video-bg.jpg]
[preview.hasthemes.com/panshi/img/testimonia/testi1.jpg]
[preview.hasthemes.com/panshi/img/package/bg.png]
[preview.hasthemes.com/panshi/blog-details.html]
[preview.hasthemes.com/panshi/img/blog/blog1.jpg]
[preview.hasthemes.com/panshi/img/blog/blog2.jpg]
[preview.hasthemes.com/panshi/img/blog/blog3.jpg]
[preview.hasthemes.com/panshi/js/vendor/jquery-1.12.4.min.js]
[preview.hasthemes.com/panshi/js/bootstrap.min.js]
[preview.hasthemes.com/panshi/js/owl.carousel.min.js]
[preview.hasthemes.com/panshi/js/jquery.meanmenu.js]
[preview.hasthemes.com/panshi/js/ajax-mail.js]
[preview.hasthemes.com/panshi/js/jquery.magnific-popup.js]
[preview.hasthemes.com/panshi/js/jquery.nav.js]
[preview.hasthemes.com/panshi/js/plugins.js]
[preview.hasthemes.com/panshi/onepage-index.html]
[preview.hasthemes.com/panshi/js/main.js]
[preview.hasthemes.com/panshi/fonts/glyphicons-halflings-regular.eot]
[preview.hasthemes.com/panshi/fonts/glyphicons-halflings-regulard41d.eot]
[preview.hasthemes.com/panshi/fonts/glyphicons-halflings-regular.woff2]
[preview.hasthemes.com/panshi/fonts/glyphicons-halflings-regular.woff]
[preview.hasthemes.com/panshi/fonts/glyphicons-halflings-regular.ttf]
[preview.hasthemes.com/panshi/fonts/glyphicons-halflings-regular.svg]
[preview.hasthemes.com/panshi/css/bootstrap.min.css]
[preview.hasthemes.com/panshi/fonts/fontawesome-webfont3e6e.eot]
[preview.hasthemes.com/panshi/fonts/fontawesome-webfontd41d.eot]
[preview.hasthemes.com/panshi/fonts/fontawesome-webfont3e6e.woff2]
[preview.hasthemes.com/panshi/fonts/fontawesome-webfont3e6e.woff]
[preview.hasthemes.com/panshi/fonts/fontawesome-webfont3e6e.ttf]
[preview.hasthemes.com/panshi/fonts/fontawesome-webfont3e6e.svg]
[preview.hasthemes.com/panshi/css/font-awesome.min.css]
[preview.hasthemes.com/panshi/css/shortcode/default.css]
[preview.hasthemes.com/panshi/css/meanmenu.css]
[preview.hasthemes.com/panshi/css/material-design-iconic-font.css]
[preview.hasthemes.com/panshi/css/material-design-iconic-font.min.css]
[preview.hasthemes.com/panshi/css/animate.css]
[preview.hasthemes.com/panshi/css/owl.carousel.css]
[preview.hasthemes.com/panshi/css/shortcode/header.css]
[preview.hasthemes.com/panshi/css/shortcode/slider.css]
[preview.hasthemes.com/panshi/css/shortcode/footer.css]
[preview.hasthemes.com/panshi/css/shortcode/shortcodes.css]
[preview.hasthemes.com/panshi/css/magnific-popup.css]
[preview.hasthemes.com/panshi/img/about/about2.jpg]
[preview.hasthemes.com/panshi/img/testimonia/quote.png]
[preview.hasthemes.com/panshi/style.css]
[preview.hasthemes.com/panshi/css/responsive.css]
[preview.hasthemes.com/panshi/index.html]
[preview.hasthemes.com/panshi/index-2.html]
[preview.hasthemes.com/panshi/index-3.html]
[preview.hasthemes.com/panshi/service.html]
[preview.hasthemes.com/panshi/about.html]
[preview.hasthemes.com/panshi/menu.html]
[preview.hasthemes.com/panshi/info.html]
[preview.hasthemes.com/panshi/blog.html]
[preview.hasthemes.com/panshi/contact.html]
[preview.hasthemes.com/panshi/img/blog/blog-details.jpg]
[preview.hasthemes.com/panshi/blog-detail.html]
[preview.hasthemes.com/panshi/img/blog/author1.jpg]
[preview.hasthemes.com/panshi/img/blog/author2.jpg]
[preview.hasthemes.com/panshi/img/post/post1.jpg]
[preview.hasthemes.com/panshi/img/post/post2.jpg]
[preview.hasthemes.com/panshi/img/post/post3.jpg]
[preview.hasthemes.com/panshi/blog-details.html]
[preview.hasthemes.com/panshi/fonts/glyphicons-halflings-regular.eot]
[preview.hasthemes.com/panshi/fonts/glyphicons-halflings-regulard41d.eot]
[preview.hasthemes.com/panshi/fonts/glyphicons-halflings-regular.woff2]
[preview.hasthemes.com/panshi/fonts/glyphicons-halflings-regular.woff]
[preview.hasthemes.com/panshi/fonts/glyphicons-halflings-regular.ttf]
[preview.hasthemes.com/panshi/fonts/glyphicons-halflings-regular.svg]
[preview.hasthemes.com/panshi/img/footer/1.jpg]
[preview.hasthemes.com/panshi/img/banner/1.jpg]
[preview.hasthemes.com/panshi/css/shortcode/default.css]
[preview.hasthemes.com/panshi/css/meanmenu.css]
[preview.hasthemes.com/panshi/fonts/Material-Design-Iconic-Fontd1f1.woff2]
[preview.hasthemes.com/panshi/fonts/Material-Design-Iconic-Fontd1f1.woff]
[preview.hasthemes.com/panshi/css/material-design-iconic-font.css]
[preview.hasthemes.com/panshi/css/material-design-iconic-font.min.css]
[preview.hasthemes.com/panshi/css/animate.css]
[preview.hasthemes.com/panshi/fonts/Material-Design-Iconic-Fontd1f1.ttf]
[preview.hasthemes.com/panshi/css/owl.video.play.png]
[preview.hasthemes.com/panshi/css/owl.carousel.css]
[preview.hasthemes.com/panshi/css/shortcode/header.css]
[preview.hasthemes.com/panshi/css/shortcode/slider.css]
[preview.hasthemes.com/panshi/css/shortcode/footer.css]
[preview.hasthemes.com/panshi/css/magnific-popup.css]
[preview.hasthemes.com/panshi/img/slider/slider2.jpg]
[preview.hasthemes.com/panshi/index.html]
[preview.hasthemes.com/panshi/onepage-index-2.html]
[preview.hasthemes.com/panshi/img/logo/logo2.png]
[preview.hasthemes.com/panshi/img/slider/slider3.jpg]
[preview.hasthemes.com/panshi/img/about/about.jpg]
[preview.hasthemes.com/panshi/img/package/bg2.png]
[preview.hasthemes.com/panshi/img/testimonia/testi2.jpg]
[preview.hasthemes.com/panshi/index-2.html]
[preview.hasthemes.com/panshi/onepage-index-3.html]
[preview.hasthemes.com/panshi/img/food/food1.jpg]
[preview.hasthemes.com/panshi/img/food/food2.jpg]
[preview.hasthemes.com/panshi/img/food/food3.jpg]
[preview.hasthemes.com/panshi/img/food/food4.jpg]
[preview.hasthemes.com/panshi/index-3.html]
[preview.hasthemes.com/panshi/service.html]
[preview.hasthemes.com/panshi/about.html]
[preview.hasthemes.com/panshi/menu.html]
[preview.hasthemes.com/panshi/info.html]
[preview.hasthemes.com/panshi/img/blog/blog4.jpg]
[preview.hasthemes.com/panshi/img/blog/blog5.jpg]
[preview.hasthemes.com/panshi/img/blog/blog6.jpg]
[preview.hasthemes.com/panshi/blog.html]
[preview.hasthemes.com/panshi/contact.html]
[preview.hasthemes.com/panshi/blog-detail.html]
[preview.hasthemes.com/panshi/img/footer/1.jpg]
[preview.hasthemes.com/panshi/css/owl.video.play.png]
[preview.hasthemes.com/panshi/onepage-index-2.html]
[preview.hasthemes.com/panshi/onepage-index-3.html]
